
=========================================
The start-up time of CASA may vary
depending on whether the shared libraries
are cached or not.
=========================================

]0;IPython: atmosphere/attool_testIPython 5.1.0 -- An enhanced Interactive Python.

CASA 5.1.0-32  ID c3ceb4437ff916fc88aa8040765c1f8667368426 -- Common Astronomy Software Applications

*** Loading ATNF ASAP Package...
*** ... ASAP (rev# unknown ) import complete ***
['1 - TROPICAL', '2 - MIDLATSUMMER', '3 - MIDLATWINTER', '4 - SUBARTSUMMER', '5 - SUBARTWINTER']
