
=========================================
The start-up time of CASA may vary
depending on whether the shared libraries
are cached or not.
=========================================

]0;IPython: CAS-11140-update-atm-for-casa-5.6/testIPython 5.1.0 -- An enhanced Interactive Python.

CASA 5.5.0-0  ID -- Common Astronomy Software Applications

2019-03-29 20:41:00	INFO	::casa	CASA Version 5.5.0-0  ID
casa:42: DeprecationWarning: BaseException.message has been deprecated as of Python 2.6
SpectralGridTest: Test 1:
SpectralGridTest: Number of channels retrieved: 64 Input: 64
SpectralGridTest: Reference frequency retrieved: 89.990000 GHz Input: 89.990000 GHz
SpectralGridTest: Reference channel retrieved: 31 Input: 31
SpectralGridTest: Channel separation retrieved: 10.000000 MHz Input: 0.010000 GHz
SpectralGridTest: Number of spectral windows: 1 Input: 1
SpectralGridTest: Total bandwidth retrieved: 0.630000 GHz Input: 0.630000 GHz
SpectralGridTest: Frequency range: from 89.680000 to 90.310000 GHz
SpectralGridTest: Number of channels for spectral window identifier 0: 64
SpectralGridTest: Expect an error here
SpectralGridTest: Exception: Spw ID out of range..
SpectralGridTest: ... thrown by void casac::atmosphere::assert_spwid(int) at File: /home/jagonzal/casa/repo/src/CAS-11140-update-atm-for-casa-5.6/gcwrap/tools/atmosphere/atmosphere_cmpt.cc, line: 47
SpectralGridTest: End of Test 1

SpectralGridTest: Test 2
SpectralGridTest: Adding a new spectral window
SpectralGridTest: New spectral window has 128 channels. Input: 128
SpectralGridTest: Number of spectral windows: 2 Expected: 2
SpectralGridTest: Number of channels retrieved for spwID 0: 64 Input: 64
SpectralGridTest: Reference frequency retrieved: 89.990000 GHz Input: 89.990000 GHz
SpectralGridTest: Reference channel retrieved: 31 Expected: 31
SpectralGridTest: Channel separation retrieved: 10.000000 MHz Input: 0.010000 GHz
SpectralGridTest: Number of channels retrieved for spwID 1: 128 Input: 128
SpectralGridTest: Reference frequency retrieved: 215.620000 GHz Input: 215.620000 GHz
SpectralGridTest: Reference channel retrieved: 63 Expected: 63
SpectralGridTest: Channel separation retrieved: 20.000000 MHz Input: 0.020000 GHz
SpectralGridTest: Number of spectral windows: 2 Expected: 2
SpectralGridTest: End of Test 2
SpectralGridTest: Channel frequency and number for the first spectral window: 
SpectralGridTest: 0 channel: -31 freq: 89.680000 GHz
SpectralGridTest: 1 channel: -30 freq: 89.690000 GHz
SpectralGridTest: 2 channel: -29 freq: 89.700000 GHz
SpectralGridTest: 3 channel: -28 freq: 89.710000 GHz
SpectralGridTest: 4 channel: -27 freq: 89.720000 GHz
SpectralGridTest: 5 channel: -26 freq: 89.730000 GHz
SpectralGridTest: 6 channel: -25 freq: 89.740000 GHz
SpectralGridTest: 7 channel: -24 freq: 89.750000 GHz
SpectralGridTest: 8 channel: -23 freq: 89.760000 GHz
SpectralGridTest: 9 channel: -22 freq: 89.770000 GHz
SpectralGridTest: 10 channel: -21 freq: 89.780000 GHz
SpectralGridTest: 11 channel: -20 freq: 89.790000 GHz
SpectralGridTest: 12 channel: -19 freq: 89.800000 GHz
SpectralGridTest: 13 channel: -18 freq: 89.810000 GHz
SpectralGridTest: 14 channel: -17 freq: 89.820000 GHz
SpectralGridTest: 15 channel: -16 freq: 89.830000 GHz
SpectralGridTest: 16 channel: -15 freq: 89.840000 GHz
SpectralGridTest: 17 channel: -14 freq: 89.850000 GHz
SpectralGridTest: 18 channel: -13 freq: 89.860000 GHz
SpectralGridTest: 19 channel: -12 freq: 89.870000 GHz
SpectralGridTest: 20 channel: -11 freq: 89.880000 GHz
SpectralGridTest: 21 channel: -10 freq: 89.890000 GHz
SpectralGridTest: 22 channel: -9 freq: 89.900000 GHz
SpectralGridTest: 23 channel: -8 freq: 89.910000 GHz
SpectralGridTest: 24 channel: -7 freq: 89.920000 GHz
SpectralGridTest: 25 channel: -6 freq: 89.930000 GHz
SpectralGridTest: 26 channel: -5 freq: 89.940000 GHz
SpectralGridTest: 27 channel: -4 freq: 89.950000 GHz
SpectralGridTest: 28 channel: -3 freq: 89.960000 GHz
SpectralGridTest: 29 channel: -2 freq: 89.970000 GHz
SpectralGridTest: 30 channel: -1 freq: 89.980000 GHz
SpectralGridTest: 31 channel: 0 freq: 89.990000 GHz
SpectralGridTest: 32 channel: 1 freq: 90.000000 GHz
SpectralGridTest: 33 channel: 2 freq: 90.010000 GHz
SpectralGridTest: 34 channel: 3 freq: 90.020000 GHz
SpectralGridTest: 35 channel: 4 freq: 90.030000 GHz
SpectralGridTest: 36 channel: 5 freq: 90.040000 GHz
SpectralGridTest: 37 channel: 6 freq: 90.050000 GHz
SpectralGridTest: 38 channel: 7 freq: 90.060000 GHz
SpectralGridTest: 39 channel: 8 freq: 90.070000 GHz
SpectralGridTest: 40 channel: 9 freq: 90.080000 GHz
SpectralGridTest: 41 channel: 10 freq: 90.090000 GHz
SpectralGridTest: 42 channel: 11 freq: 90.100000 GHz
SpectralGridTest: 43 channel: 12 freq: 90.110000 GHz
SpectralGridTest: 44 channel: 13 freq: 90.120000 GHz
SpectralGridTest: 45 channel: 14 freq: 90.130000 GHz
SpectralGridTest: 46 channel: 15 freq: 90.140000 GHz
SpectralGridTest: 47 channel: 16 freq: 90.150000 GHz
SpectralGridTest: 48 channel: 17 freq: 90.160000 GHz
SpectralGridTest: 49 channel: 18 freq: 90.170000 GHz
SpectralGridTest: 50 channel: 19 freq: 90.180000 GHz
SpectralGridTest: 51 channel: 20 freq: 90.190000 GHz
SpectralGridTest: 52 channel: 21 freq: 90.200000 GHz
SpectralGridTest: 53 channel: 22 freq: 90.210000 GHz
SpectralGridTest: 54 channel: 23 freq: 90.220000 GHz
SpectralGridTest: 55 channel: 24 freq: 90.230000 GHz
SpectralGridTest: 56 channel: 25 freq: 90.240000 GHz
SpectralGridTest: 57 channel: 26 freq: 90.250000 GHz
SpectralGridTest: 58 channel: 27 freq: 90.260000 GHz
SpectralGridTest: 59 channel: 28 freq: 90.270000 GHz
SpectralGridTest: 60 channel: 29 freq: 90.280000 GHz
SpectralGridTest: 61 channel: 30 freq: 90.290000 GHz
SpectralGridTest: 62 channel: 31 freq: 90.300000 GHz
SpectralGridTest: 63 channel: 32 freq: 90.310000 GHz

SpectralGridTest: Test 2:
SpectralGridTest: Initializing SpectralGrid
SpectralGridTest: Number of channels retrieved for spwID 0: 64 Input: 64
SpectralGridTest: Reference frequency retrieved: 89.990000 GHz Input: 89.990000 GHz
SpectralGridTest: Reference channel retrieved: 31 Expected: 31
SpectralGridTest: Channel separation retrieved: 10.000000 MHz Input: 0.010000 GHz
SpectralGridTest: Number of spectral windows: 1 Expected: 1

SpectralGridTest: Skipping irregular spectral grid test...
SpectralGridTest: CASA atmosphere tool currently does not have ability to handle irregular spectral grid


SpectralGridTest: Test 3:
SpectralGridTest: Initializing SpectralGrid
SpectralGridTest: Number of channels retrieved for spwID 0: 64 Input: 64
SpectralGridTest: Reference frequency retrieved: 89.990000 GHz Input: 89.990000 GHz
SpectralGridTest: Reference channel retrieved: 31 Expected: 31
SpectralGridTest: Channel separation retrieved: 10.000000 MHz Input: 0.010000 GHz
SpectralGridTest: Number of spectral windows: 1 Expected: 1
SpectralGridTest: Position (GU) retrieved: 16.123456 Exact: 16.123456
SpectralGridTest: Total bandwidth retrieved: 0.630000 GHz Input: 0.630000 GHz
SpectralGridTest: Frequency range: from 89.680000 to 90.310000 GHz


SpectralGridTest: Skipping double sideband spectral grid test...
SpectralGridTest: CASA atmosphere tool currently does not have ability to handle double sideband spectra
